main.c:89:5:_write	24	static
main.c:100:5:main	32	static
main.c:184:6:SystemClock_Config	104	static
main.c:238:13:MX_ADC1_Init	24	static
main.c:288:13:MX_CAN1_Init	8	static
main.c:325:13:MX_I2C1_Init	8	static
main.c:359:13:MX_IWDG_Init	8	static
main.c:387:13:MX_RTC_Init	8	static
main.c:421:13:MX_SDIO_SD_Init	4	static
main.c:449:13:MX_SPI1_Init	8	static
main.c:487:13:MX_USART1_UART_Init	8	static
main.c:520:13:MX_USART3_UART_Init	8	static
main.c:553:13:MX_GPIO_Init	56	static
main.c:626:6:Error_Handler	4	static,ignoring_inline_asm
